Γ£à Global setup: using existing login session (less than 24 hours old)

Running 3 tests using 1 worker


========================================
[REQ] GET https://copilot-user-api.wowlabz.com/api/v1/student/get/mobile
[REQ PARAMS] {"mobile":"9876543210"}
[RES STATUS] 200 (1037ms)
========================================

  Γ£ÿ  1 [chromium] ΓÇ║ tests\api_tests\studentMobile.spec.ts:42:7 ΓÇ║ Student API - Get by Mobile @api ΓÇ║ Positive: should return 200 and valid student details for an existing mobile number (1.1s)

========================================
[REQ] GET https://copilot-user-api.wowlabz.com/api/v1/student/get/mobile
[REQ PARAMS] {"mobile":"9876543210"}
[RES STATUS] 200 (504ms)
========================================

  Γ£ÿ  2 [chromium] ΓÇ║ tests\api_tests\studentMobile.spec.ts:42:7 ΓÇ║ Student API - Get by Mobile @api ΓÇ║ Positive: should return 200 and valid student details for an existing mobile number (retry #1) (580ms)

========================================
[REQ] GET https://copilot-user-api.wowlabz.com/api/v1/student/get/mobile
[REQ PARAMS] {"mobile":"0000000000"}
[RES STATUS] 200 (877ms)
========================================

  Γ£ÿ  3 [chromium] ΓÇ║ tests\api_tests\studentMobile.spec.ts:65:7 ΓÇ║ Student API - Get by Mobile @api ΓÇ║ Negative: should correctly reject or state failure for an invalid mobile number (948ms)

========================================
[REQ] GET https://copilot-user-api.wowlabz.com/api/v1/student/get/mobile
[REQ PARAMS] {"mobile":"0000000000"}
[RES STATUS] 200 (754ms)
========================================

  Γ£ÿ  4 [chromium] ΓÇ║ tests\api_tests\studentMobile.spec.ts:65:7 ΓÇ║ Student API - Get by Mobile @api ΓÇ║ Negative: should correctly reject or state failure for an invalid mobile number (retry #1) (818ms)

========================================
[REQ] GET https://copilot-user-api.wowlabz.com/api/v1/student/get/mobile
[REQ PARAMS] {}
[RES STATUS] 200 (525ms)
========================================

  Γ£ÿ  5 [chromium] ΓÇ║ tests\api_tests\studentMobile.spec.ts:79:7 ΓÇ║ Student API - Get by Mobile @api ΓÇ║ Negative: should gracefully handle an empty/malformed payload (587ms)

========================================
[REQ] GET https://copilot-user-api.wowlabz.com/api/v1/student/get/mobile
[REQ PARAMS] {}
[RES STATUS] 200 (704ms)
========================================

  Γ£ÿ  6 [chromium] ΓÇ║ tests\api_tests\studentMobile.spec.ts:79:7 ΓÇ║ Student API - Get by Mobile @api ΓÇ║ Negative: should gracefully handle an empty/malformed payload (retry #1) (759ms)

========================================
Test Suite Complete
========================================
Total Projects: 1
Workers: 1
Retries: 1
========================================



  1) [chromium] ΓÇ║ tests\api_tests\studentMobile.spec.ts:42:7 ΓÇ║ Student API - Get by Mobile @api ΓÇ║ Positive: should return 200 and valid student details for an existing mobile number 

    Error: [2mexpect([22m[31mreceived[39m[2m).[22mtoBe[2m([22m[32mexpected[39m[2m) // Object.is equality[22m

    Expected: [32m"9876543210"[39m
    Received: [31mundefined[39m

      59 |     // Basic body check
      60 |     if (responseBody.data) {
    > 61 |       expect(responseBody.data.mobile).toBe(VALID_MOBILE);
         |                                        ^
      62 |     }
      63 |   });
      64 |
        at C:\Users\Lenovo\Desktop\Automation project\tests\api_tests\studentMobile.spec.ts:61:40

    attachment #1: trace (application/zip) ΓöÇΓöÇΓöÇΓöÇΓöÇΓöÇΓöÇΓöÇΓöÇΓöÇΓöÇΓöÇΓöÇΓöÇΓöÇΓöÇΓöÇΓöÇΓöÇΓöÇΓöÇΓöÇΓöÇΓöÇΓöÇΓöÇΓöÇΓöÇΓöÇΓöÇΓöÇΓöÇΓöÇΓöÇΓöÇΓöÇΓöÇΓöÇΓöÇΓöÇΓöÇΓöÇΓöÇΓöÇΓöÇΓöÇΓöÇΓöÇΓöÇΓöÇΓöÇΓöÇΓöÇΓöÇΓöÇΓöÇΓöÇ
    test-results\api_tests-studentMobile-St-d9a63-r-an-existing-mobile-number-chromium\trace.zip
    Usage:

        npx playwright show-trace test-results\api_tests-studentMobile-St-d9a63-r-an-existing-mobile-number-chromium\trace.zip

    ΓöÇΓöÇΓöÇΓöÇΓöÇΓöÇΓöÇΓöÇΓöÇΓöÇΓöÇΓöÇΓöÇΓöÇΓöÇΓöÇΓöÇΓöÇΓöÇΓöÇΓöÇΓöÇΓöÇΓöÇΓöÇΓöÇΓöÇΓöÇΓöÇΓöÇΓöÇΓöÇΓöÇΓöÇΓöÇΓöÇΓöÇΓöÇΓöÇΓöÇΓöÇΓöÇΓöÇΓöÇΓöÇΓöÇΓöÇΓöÇΓöÇΓöÇΓöÇΓöÇΓöÇΓöÇΓöÇΓöÇΓöÇΓöÇΓöÇΓöÇΓöÇΓöÇΓöÇΓöÇΓöÇΓöÇΓöÇΓöÇΓöÇΓöÇΓöÇΓöÇΓöÇΓöÇΓöÇΓöÇΓöÇΓöÇΓöÇΓöÇΓöÇΓöÇΓöÇΓöÇΓöÇΓöÇΓöÇΓöÇΓöÇΓöÇΓöÇΓöÇΓöÇΓöÇΓöÇΓöÇ

    Retry #1 ΓöÇΓöÇΓöÇΓöÇΓöÇΓöÇΓöÇΓöÇΓöÇΓöÇΓöÇΓöÇΓöÇΓöÇΓöÇΓöÇΓöÇΓöÇΓöÇΓöÇΓöÇΓöÇΓöÇΓöÇΓöÇΓöÇΓöÇΓöÇΓöÇΓöÇΓöÇΓöÇΓöÇΓöÇΓöÇΓöÇΓöÇΓöÇΓöÇΓöÇΓöÇΓöÇΓöÇΓöÇΓöÇΓöÇΓöÇΓöÇΓöÇΓöÇΓöÇΓöÇΓöÇΓöÇΓöÇΓöÇΓöÇΓöÇΓöÇΓöÇΓöÇΓöÇΓöÇΓöÇΓöÇΓöÇΓöÇΓöÇΓöÇΓöÇΓöÇΓöÇΓöÇΓöÇΓöÇΓöÇΓöÇΓöÇΓöÇΓöÇΓöÇΓöÇΓöÇΓöÇΓöÇΓöÇΓöÇ

    Error: [2mexpect([22m[31mreceived[39m[2m).[22mtoBe[2m([22m[32mexpected[39m[2m) // Object.is equality[22m

    Expected: [32m"9876543210"[39m
    Received: [31mundefined[39m

      59 |     // Basic body check
      60 |     if (responseBody.data) {
    > 61 |       expect(responseBody.data.mobile).toBe(VALID_MOBILE);
         |                                        ^
      62 |     }
      63 |   });
      64 |
        at C:\Users\Lenovo\Desktop\Automation project\tests\api_tests\studentMobile.spec.ts:61:40

    attachment #1: trace (application/zip) ΓöÇΓöÇΓöÇΓöÇΓöÇΓöÇΓöÇΓöÇΓöÇΓöÇΓöÇΓöÇΓöÇΓöÇΓöÇΓöÇΓöÇΓöÇΓöÇΓöÇΓöÇΓöÇΓöÇΓöÇΓöÇΓöÇΓöÇΓöÇΓöÇΓöÇΓöÇΓöÇΓöÇΓöÇΓöÇΓöÇΓöÇΓöÇΓöÇΓöÇΓöÇΓöÇΓöÇΓöÇΓöÇΓöÇΓöÇΓöÇΓöÇΓöÇΓöÇΓöÇΓöÇΓöÇΓöÇΓöÇΓöÇ
    test-results\api_tests-studentMobile-St-d9a63-r-an-existing-mobile-number-chromium-retry1\trace.zip
    Usage:

        npx playwright show-trace test-results\api_tests-studentMobile-St-d9a63-r-an-existing-mobile-number-chromium-retry1\trace.zip

    ΓöÇΓöÇΓöÇΓöÇΓöÇΓöÇΓöÇΓöÇΓöÇΓöÇΓöÇΓöÇΓöÇΓöÇΓöÇΓöÇΓöÇΓöÇΓöÇΓöÇΓöÇΓöÇΓöÇΓöÇΓöÇΓöÇΓöÇΓöÇΓöÇΓöÇΓöÇΓöÇΓöÇΓöÇΓöÇΓöÇΓöÇΓöÇΓöÇΓöÇΓöÇΓöÇΓöÇΓöÇΓöÇΓöÇΓöÇΓöÇΓöÇΓöÇΓöÇΓöÇΓöÇΓöÇΓöÇΓöÇΓöÇΓöÇΓöÇΓöÇΓöÇΓöÇΓöÇΓöÇΓöÇΓöÇΓöÇΓöÇΓöÇΓöÇΓöÇΓöÇΓöÇΓöÇΓöÇΓöÇΓöÇΓöÇΓöÇΓöÇΓöÇΓöÇΓöÇΓöÇΓöÇΓöÇΓöÇΓöÇΓöÇΓöÇΓöÇΓöÇΓöÇΓöÇΓöÇΓöÇ

  2) [chromium] ΓÇ║ tests\api_tests\studentMobile.spec.ts:65:7 ΓÇ║ Student API - Get by Mobile @api ΓÇ║ Negative: should correctly reject or state failure for an invalid mobile number 

    Error: [2mexpect([22m[31mreceived[39m[2m).[22mtoBeTruthy[2m()[22m

    Received: [31mfalse[39m

      73 |     if (response.status() === 200) {
      74 |       const responseBody = await response.json();
    > 75 |       expect(responseBody.success === false || responseBody.status === 'FAIL').toBeTruthy();
         |                                                                                ^
      76 |     }
      77 |   });
      78 |
        at C:\Users\Lenovo\Desktop\Automation project\tests\api_tests\studentMobile.spec.ts:75:80

    attachment #1: trace (application/zip) ΓöÇΓöÇΓöÇΓöÇΓöÇΓöÇΓöÇΓöÇΓöÇΓöÇΓöÇΓöÇΓöÇΓöÇΓöÇΓöÇΓöÇΓöÇΓöÇΓöÇΓöÇΓöÇΓöÇΓöÇΓöÇΓöÇΓöÇΓöÇΓöÇΓöÇΓöÇΓöÇΓöÇΓöÇΓöÇΓöÇΓöÇΓöÇΓöÇΓöÇΓöÇΓöÇΓöÇΓöÇΓöÇΓöÇΓöÇΓöÇΓöÇΓöÇΓöÇΓöÇΓöÇΓöÇΓöÇΓöÇΓöÇ
    test-results\api_tests-studentMobile-St-c5465-or-an-invalid-mobile-number-chromium\trace.zip
    Usage:

        npx playwright show-trace test-results\api_tests-studentMobile-St-c5465-or-an-invalid-mobile-number-chromium\trace.zip

    ΓöÇΓöÇΓöÇΓöÇΓöÇΓöÇΓöÇΓöÇΓöÇΓöÇΓöÇΓöÇΓöÇΓöÇΓöÇΓöÇΓöÇΓöÇΓöÇΓöÇΓöÇΓöÇΓöÇΓöÇΓöÇΓöÇΓöÇΓöÇΓöÇΓöÇΓöÇΓöÇΓöÇΓöÇΓöÇΓöÇΓöÇΓöÇΓöÇΓöÇΓöÇΓöÇΓöÇΓöÇΓöÇΓöÇΓöÇΓöÇΓöÇΓöÇΓöÇΓöÇΓöÇΓöÇΓöÇΓöÇΓöÇΓöÇΓöÇΓöÇΓöÇΓöÇΓöÇΓöÇΓöÇΓöÇΓöÇΓöÇΓöÇΓöÇΓöÇΓöÇΓöÇΓöÇΓöÇΓöÇΓöÇΓöÇΓöÇΓöÇΓöÇΓöÇΓöÇΓöÇΓöÇΓöÇΓöÇΓöÇΓöÇΓöÇΓöÇΓöÇΓöÇΓöÇΓöÇΓöÇ

    Retry #1 ΓöÇΓöÇΓöÇΓöÇΓöÇΓöÇΓöÇΓöÇΓöÇΓöÇΓöÇΓöÇΓöÇΓöÇΓöÇΓöÇΓöÇΓöÇΓöÇΓöÇΓöÇΓöÇΓöÇΓöÇΓöÇΓöÇΓöÇΓöÇΓöÇΓöÇΓöÇΓöÇΓöÇΓöÇΓöÇΓöÇΓöÇΓöÇΓöÇΓöÇΓöÇΓöÇΓöÇΓöÇΓöÇΓöÇΓöÇΓöÇΓöÇΓöÇΓöÇΓöÇΓöÇΓöÇΓöÇΓöÇΓöÇΓöÇΓöÇΓöÇΓöÇΓöÇΓöÇΓöÇΓöÇΓöÇΓöÇΓöÇΓöÇΓöÇΓöÇΓöÇΓöÇΓöÇΓöÇΓöÇΓöÇΓöÇΓöÇΓöÇΓöÇΓöÇΓöÇΓöÇΓöÇΓöÇΓöÇ

    Error: [2mexpect([22m[31mreceived[39m[2m).[22mtoBeTruthy[2m()[22m

    Received: [31mfalse[39m

      73 |     if (response.status() === 200) {
      74 |       const responseBody = await response.json();
    > 75 |       expect(responseBody.success === false || responseBody.status === 'FAIL').toBeTruthy();
         |                                                                                ^
      76 |     }
      77 |   });
      78 |
        at C:\Users\Lenovo\Desktop\Automation project\tests\api_tests\studentMobile.spec.ts:75:80

    attachment #1: trace (application/zip) ΓöÇΓöÇΓöÇΓöÇΓöÇΓöÇΓöÇΓöÇΓöÇΓöÇΓöÇΓöÇΓöÇΓöÇΓöÇΓöÇΓöÇΓöÇΓöÇΓöÇΓöÇΓöÇΓöÇΓöÇΓöÇΓöÇΓöÇΓöÇΓöÇΓöÇΓöÇΓöÇΓöÇΓöÇΓöÇΓöÇΓöÇΓöÇΓöÇΓöÇΓöÇΓöÇΓöÇΓöÇΓöÇΓöÇΓöÇΓöÇΓöÇΓöÇΓöÇΓöÇΓöÇΓöÇΓöÇΓöÇΓöÇ
    test-results\api_tests-studentMobile-St-c5465-or-an-invalid-mobile-number-chromium-retry1\trace.zip
    Usage:

        npx playwright show-trace test-results\api_tests-studentMobile-St-c5465-or-an-invalid-mobile-number-chromium-retry1\trace.zip

    ΓöÇΓöÇΓöÇΓöÇΓöÇΓöÇΓöÇΓöÇΓöÇΓöÇΓöÇΓöÇΓöÇΓöÇΓöÇΓöÇΓöÇΓöÇΓöÇΓöÇΓöÇΓöÇΓöÇΓöÇΓöÇΓöÇΓöÇΓöÇΓöÇΓöÇΓöÇΓöÇΓöÇΓöÇΓöÇΓöÇΓöÇΓöÇΓöÇΓöÇΓöÇΓöÇΓöÇΓöÇΓöÇΓöÇΓöÇΓöÇΓöÇΓöÇΓöÇΓöÇΓöÇΓöÇΓöÇΓöÇΓöÇΓöÇΓöÇΓöÇΓöÇΓöÇΓöÇΓöÇΓöÇΓöÇΓöÇΓöÇΓöÇΓöÇΓöÇΓöÇΓöÇΓöÇΓöÇΓöÇΓöÇΓöÇΓöÇΓöÇΓöÇΓöÇΓöÇΓöÇΓöÇΓöÇΓöÇΓöÇΓöÇΓöÇΓöÇΓöÇΓöÇΓöÇΓöÇΓöÇ

  3) [chromium] ΓÇ║ tests\api_tests\studentMobile.spec.ts:79:7 ΓÇ║ Student API - Get by Mobile @api ΓÇ║ Negative: should gracefully handle an empty/malformed payload 

    Error: [2mexpect([22m[31mreceived[39m[2m).[22mtoContain[2m([22m[32mexpected[39m[2m) // indexOf[22m

    Expected value: [32m200[39m
    Received array: [31m[400, 401, 403, 422, 500][39m

      82 |     
      83 |     // Valid backend logic rejects poorly structured querying.
    > 84 |     expect([400, 401, 403, 422, 500]).toContain(response.status());
         |                                       ^
      85 |   });
      86 | });
      87 |
        at C:\Users\Lenovo\Desktop\Automation project\tests\api_tests\studentMobile.spec.ts:84:39

    attachment #1: trace (application/zip) ΓöÇΓöÇΓöÇΓöÇΓöÇΓöÇΓöÇΓöÇΓöÇΓöÇΓöÇΓöÇΓöÇΓöÇΓöÇΓöÇΓöÇΓöÇΓöÇΓöÇΓöÇΓöÇΓöÇΓöÇΓöÇΓöÇΓöÇΓöÇΓöÇΓöÇΓöÇΓöÇΓöÇΓöÇΓöÇΓöÇΓöÇΓöÇΓöÇΓöÇΓöÇΓöÇΓöÇΓöÇΓöÇΓöÇΓöÇΓöÇΓöÇΓöÇΓöÇΓöÇΓöÇΓöÇΓöÇΓöÇΓöÇ
    test-results\api_tests-studentMobile-St-3e699--an-empty-malformed-payload-chromium\trace.zip
    Usage:

        npx playwright show-trace test-results\api_tests-studentMobile-St-3e699--an-empty-malformed-payload-chromium\trace.zip

    ΓöÇΓöÇΓöÇΓöÇΓöÇΓöÇΓöÇΓöÇΓöÇΓöÇΓöÇΓöÇΓöÇΓöÇΓöÇΓöÇΓöÇΓöÇΓöÇΓöÇΓöÇΓöÇΓöÇΓöÇΓöÇΓöÇΓöÇΓöÇΓöÇΓöÇΓöÇΓöÇΓöÇΓöÇΓöÇΓöÇΓöÇΓöÇΓöÇΓöÇΓöÇΓöÇΓöÇΓöÇΓöÇΓöÇΓöÇΓöÇΓöÇΓöÇΓöÇΓöÇΓöÇΓöÇΓöÇΓöÇΓöÇΓöÇΓöÇΓöÇΓöÇΓöÇΓöÇΓöÇΓöÇΓöÇΓöÇΓöÇΓöÇΓöÇΓöÇΓöÇΓöÇΓöÇΓöÇΓöÇΓöÇΓöÇΓöÇΓöÇΓöÇΓöÇΓöÇΓöÇΓöÇΓöÇΓöÇΓöÇΓöÇΓöÇΓöÇΓöÇΓöÇΓöÇΓöÇΓöÇ

    Retry #1 ΓöÇΓöÇΓöÇΓöÇΓöÇΓöÇΓöÇΓöÇΓöÇΓöÇΓöÇΓöÇΓöÇΓöÇΓöÇΓöÇΓöÇΓöÇΓöÇΓöÇΓöÇΓöÇΓöÇΓöÇΓöÇΓöÇΓöÇΓöÇΓöÇΓöÇΓöÇΓöÇΓöÇΓöÇΓöÇΓöÇΓöÇΓöÇΓöÇΓöÇΓöÇΓöÇΓöÇΓöÇΓöÇΓöÇΓöÇΓöÇΓöÇΓöÇΓöÇΓöÇΓöÇΓöÇΓöÇΓöÇΓöÇΓöÇΓöÇΓöÇΓöÇΓöÇΓöÇΓöÇΓöÇΓöÇΓöÇΓöÇΓöÇΓöÇΓöÇΓöÇΓöÇΓöÇΓöÇΓöÇΓöÇΓöÇΓöÇΓöÇΓöÇΓöÇΓöÇΓöÇΓöÇΓöÇΓöÇ

    Error: [2mexpect([22m[31mreceived[39m[2m).[22mtoContain[2m([22m[32mexpected[39m[2m) // indexOf[22m

    Expected value: [32m200[39m
    Received array: [31m[400, 401, 403, 422, 500][39m

      82 |     
      83 |     // Valid backend logic rejects poorly structured querying.
    > 84 |     expect([400, 401, 403, 422, 500]).toContain(response.status());
         |                                       ^
      85 |   });
      86 | });
      87 |
        at C:\Users\Lenovo\Desktop\Automation project\tests\api_tests\studentMobile.spec.ts:84:39

    attachment #1: trace (application/zip) ΓöÇΓöÇΓöÇΓöÇΓöÇΓöÇΓöÇΓöÇΓöÇΓöÇΓöÇΓöÇΓöÇΓöÇΓöÇΓöÇΓöÇΓöÇΓöÇΓöÇΓöÇΓöÇΓöÇΓöÇΓöÇΓöÇΓöÇΓöÇΓöÇΓöÇΓöÇΓöÇΓöÇΓöÇΓöÇΓöÇΓöÇΓöÇΓöÇΓöÇΓöÇΓöÇΓöÇΓöÇΓöÇΓöÇΓöÇΓöÇΓöÇΓöÇΓöÇΓöÇΓöÇΓöÇΓöÇΓöÇΓöÇ
    test-results\api_tests-studentMobile-St-3e699--an-empty-malformed-payload-chromium-retry1\trace.zip
    Usage:

        npx playwright show-trace test-results\api_tests-studentMobile-St-3e699--an-empty-malformed-payload-chromium-retry1\trace.zip

    ΓöÇΓöÇΓöÇΓöÇΓöÇΓöÇΓöÇΓöÇΓöÇΓöÇΓöÇΓöÇΓöÇΓöÇΓöÇΓöÇΓöÇΓöÇΓöÇΓöÇΓöÇΓöÇΓöÇΓöÇΓöÇΓöÇΓöÇΓöÇΓöÇΓöÇΓöÇΓöÇΓöÇΓöÇΓöÇΓöÇΓöÇΓöÇΓöÇΓöÇΓöÇΓöÇΓöÇΓöÇΓöÇΓöÇΓöÇΓöÇΓöÇΓöÇΓöÇΓöÇΓöÇΓöÇΓöÇΓöÇΓöÇΓöÇΓöÇΓöÇΓöÇΓöÇΓöÇΓöÇΓöÇΓöÇΓöÇΓöÇΓöÇΓöÇΓöÇΓöÇΓöÇΓöÇΓöÇΓöÇΓöÇΓöÇΓöÇΓöÇΓöÇΓöÇΓöÇΓöÇΓöÇΓöÇΓöÇΓöÇΓöÇΓöÇΓöÇΓöÇΓöÇΓöÇΓöÇΓöÇ

  3 failed
    [chromium] ΓÇ║ tests\api_tests\studentMobile.spec.ts:42:7 ΓÇ║ Student API - Get by Mobile @api ΓÇ║ Positive: should return 200 and valid student details for an existing mobile number 
    [chromium] ΓÇ║ tests\api_tests\studentMobile.spec.ts:65:7 ΓÇ║ Student API - Get by Mobile @api ΓÇ║ Negative: should correctly reject or state failure for an invalid mobile number 
    [chromium] ΓÇ║ tests\api_tests\studentMobile.spec.ts:79:7 ΓÇ║ Student API - Get by Mobile @api ΓÇ║ Negative: should gracefully handle an empty/malformed payload 

To open last HTML report run:
[36m[39m
[36m  npx playwright show-report[39m
[36m[39m
